// Jest Snapshot v1, https://goo.gl/fbAQLP

exports[`page: TestRepositories rendering should render as expected 1`] = `
<div>
  <TypographyMock
    variant="body2"
  >
    Here you see results of all tests performed in project
  </TypographyMock>
  <Mutation
    mutation={
      Object {
        "definitions": Array [
          Object {
            "directives": Array [],
            "kind": "OperationDefinition",
            "name": Object {
              "kind": "Name",
              "value": "deleteRepository",
            },
            "operation": "mutation",
            "selectionSet": Object {
              "kind": "SelectionSet",
              "selections": Array [
                Object {
                  "alias": Object {
                    "kind": "Name",
                    "value": "repository",
                  },
                  "arguments": Array [
                    Object {
                      "kind": "Argument",
                      "name": Object {
                        "kind": "Name",
                        "value": "where",
                      },
                      "value": Object {
                        "fields": Array [
                          Object {
                            "kind": "ObjectField",
                            "name": Object {
                              "kind": "Name",
                              "value": "id",
                            },
                            "value": Object {
                              "fields": Array [
                                Object {
                                  "kind": "ObjectField",
                                  "name": Object {
                                    "kind": "Name",
                                    "value": "_eq",
                                  },
                                  "value": Object {
                                    "kind": "Variable",
                                    "name": Object {
                                      "kind": "Name",
                                      "value": "id",
                                    },
                                  },
                                },
                              ],
                              "kind": "ObjectValue",
                            },
                          },
                        ],
                        "kind": "ObjectValue",
                      },
                    },
                  ],
                  "directives": Array [],
                  "kind": "Field",
                  "name": Object {
                    "kind": "Name",
                    "value": "delete_repository",
                  },
                  "selectionSet": Object {
                    "kind": "SelectionSet",
                    "selections": Array [
                      Object {
                        "alias": undefined,
                        "arguments": Array [],
                        "directives": Array [],
                        "kind": "Field",
                        "name": Object {
                          "kind": "Name",
                          "value": "returning",
                        },
                        "selectionSet": Object {
                          "kind": "SelectionSet",
                          "selections": Array [
                            Object {
                              "alias": undefined,
                              "arguments": Array [],
                              "directives": Array [],
                              "kind": "Field",
                              "name": Object {
                                "kind": "Name",
                                "value": "id",
                              },
                              "selectionSet": undefined,
                            },
                            Object {
                              "alias": undefined,
                              "arguments": Array [],
                              "directives": Array [],
                              "kind": "Field",
                              "name": Object {
                                "kind": "Name",
                                "value": "name",
                              },
                              "selectionSet": undefined,
                            },
                          ],
                        },
                      },
                    ],
                  },
                },
              ],
            },
            "variableDefinitions": Array [
              Object {
                "defaultValue": undefined,
                "directives": Array [],
                "kind": "VariableDefinition",
                "type": Object {
                  "kind": "NamedType",
                  "name": Object {
                    "kind": "Name",
                    "value": "uuid",
                  },
                },
                "variable": Object {
                  "kind": "Variable",
                  "name": Object {
                    "kind": "Name",
                    "value": "id",
                  },
                },
              },
            ],
          },
        ],
        "kind": "Document",
        "loc": Object {
          "end": 167,
          "start": 0,
        },
      }
    }
    refetchQueries={
      Array [
        Object {
          "query": Object {
            "definitions": Array [
              Object {
                "directives": Array [],
                "kind": "OperationDefinition",
                "name": Object {
                  "kind": "Name",
                  "value": "getRepositories",
                },
                "operation": "query",
                "selectionSet": Object {
                  "kind": "SelectionSet",
                  "selections": Array [
                    Object {
                      "alias": undefined,
                      "arguments": Array [
                        Object {
                          "kind": "Argument",
                          "name": Object {
                            "kind": "Name",
                            "value": "where",
                          },
                          "value": Object {
                            "fields": Array [
                              Object {
                                "kind": "ObjectField",
                                "name": Object {
                                  "kind": "Name",
                                  "value": "project_id",
                                },
                                "value": Object {
                                  "fields": Array [
                                    Object {
                                      "kind": "ObjectField",
                                      "name": Object {
                                        "kind": "Name",
                                        "value": "_eq",
                                      },
                                      "value": Object {
                                        "kind": "Variable",
                                        "name": Object {
                                          "kind": "Name",
                                          "value": "projectId",
                                        },
                                      },
                                    },
                                  ],
                                  "kind": "ObjectValue",
                                },
                              },
                            ],
                            "kind": "ObjectValue",
                          },
                        },
                      ],
                      "directives": Array [],
                      "kind": "Field",
                      "name": Object {
                        "kind": "Name",
                        "value": "repository",
                      },
                      "selectionSet": Object {
                        "kind": "SelectionSet",
                        "selections": Array [
                          Object {
                            "alias": undefined,
                            "arguments": Array [],
                            "directives": Array [],
                            "kind": "Field",
                            "name": Object {
                              "kind": "Name",
                              "value": "id",
                            },
                            "selectionSet": undefined,
                          },
                          Object {
                            "alias": undefined,
                            "arguments": Array [],
                            "directives": Array [],
                            "kind": "Field",
                            "name": Object {
                              "kind": "Name",
                              "value": "name",
                            },
                            "selectionSet": undefined,
                          },
                          Object {
                            "alias": undefined,
                            "arguments": Array [],
                            "directives": Array [],
                            "kind": "Field",
                            "name": Object {
                              "kind": "Name",
                              "value": "url",
                            },
                            "selectionSet": undefined,
                          },
                          Object {
                            "alias": undefined,
                            "arguments": Array [],
                            "directives": Array [],
                            "kind": "Field",
                            "name": Object {
                              "kind": "Name",
                              "value": "configurations",
                            },
                            "selectionSet": Object {
                              "kind": "SelectionSet",
                              "selections": Array [
                                Object {
                                  "alias": undefined,
                                  "arguments": Array [],
                                  "directives": Array [],
                                  "kind": "Field",
                                  "name": Object {
                                    "kind": "Name",
                                    "value": "id",
                                  },
                                  "selectionSet": undefined,
                                },
                                Object {
                                  "alias": undefined,
                                  "arguments": Array [],
                                  "directives": Array [],
                                  "kind": "Field",
                                  "name": Object {
                                    "kind": "Name",
                                    "value": "name",
                                  },
                                  "selectionSet": undefined,
                                },
                              ],
                            },
                          },
                          Object {
                            "alias": undefined,
                            "arguments": Array [],
                            "directives": Array [],
                            "kind": "Field",
                            "name": Object {
                              "kind": "Name",
                              "value": "configurationType",
                            },
                            "selectionSet": Object {
                              "kind": "SelectionSet",
                              "selections": Array [
                                Object {
                                  "alias": undefined,
                                  "arguments": Array [],
                                  "directives": Array [],
                                  "kind": "Field",
                                  "name": Object {
                                    "kind": "Name",
                                    "value": "id",
                                  },
                                  "selectionSet": undefined,
                                },
                                Object {
                                  "alias": undefined,
                                  "arguments": Array [],
                                  "directives": Array [],
                                  "kind": "Field",
                                  "name": Object {
                                    "kind": "Name",
                                    "value": "name",
                                  },
                                  "selectionSet": undefined,
                                },
                              ],
                            },
                          },
                        ],
                      },
                    },
                  ],
                },
                "variableDefinitions": Array [
                  Object {
                    "defaultValue": undefined,
                    "directives": Array [],
                    "kind": "VariableDefinition",
                    "type": Object {
                      "kind": "NamedType",
                      "name": Object {
                        "kind": "Name",
                        "value": "uuid",
                      },
                    },
                    "variable": Object {
                      "kind": "Variable",
                      "name": Object {
                        "kind": "Name",
                        "value": "projectId",
                      },
                    },
                  },
                ],
              },
            ],
            "kind": "Document",
            "loc": Object {
              "end": 259,
              "start": 0,
            },
          },
          "variables": Object {
            "projectId": undefined,
          },
        },
      ]
    }
  >
    <Component />
  </Mutation>
  <RepositoryFormMock
    close={[Function]}
    courseInitData={
      Object {
        "id": null,
        "name": null,
        "projectId": undefined,
        "url": null,
      }
    }
    open={false}
    type={null}
  />
  <div>
    <AddButtonMock
      open={[Function]}
    />
  </div>
  <Query
    fetchPolicy="cache-and-network"
    query={
      Object {
        "definitions": Array [
          Object {
            "directives": Array [],
            "kind": "OperationDefinition",
            "name": Object {
              "kind": "Name",
              "value": "getRepositories",
            },
            "operation": "query",
            "selectionSet": Object {
              "kind": "SelectionSet",
              "selections": Array [
                Object {
                  "alias": undefined,
                  "arguments": Array [
                    Object {
                      "kind": "Argument",
                      "name": Object {
                        "kind": "Name",
                        "value": "where",
                      },
                      "value": Object {
                        "fields": Array [
                          Object {
                            "kind": "ObjectField",
                            "name": Object {
                              "kind": "Name",
                              "value": "project_id",
                            },
                            "value": Object {
                              "fields": Array [
                                Object {
                                  "kind": "ObjectField",
                                  "name": Object {
                                    "kind": "Name",
                                    "value": "_eq",
                                  },
                                  "value": Object {
                                    "kind": "Variable",
                                    "name": Object {
                                      "kind": "Name",
                                      "value": "projectId",
                                    },
                                  },
                                },
                              ],
                              "kind": "ObjectValue",
                            },
                          },
                        ],
                        "kind": "ObjectValue",
                      },
                    },
                  ],
                  "directives": Array [],
                  "kind": "Field",
                  "name": Object {
                    "kind": "Name",
                    "value": "repository",
                  },
                  "selectionSet": Object {
                    "kind": "SelectionSet",
                    "selections": Array [
                      Object {
                        "alias": undefined,
                        "arguments": Array [],
                        "directives": Array [],
                        "kind": "Field",
                        "name": Object {
                          "kind": "Name",
                          "value": "id",
                        },
                        "selectionSet": undefined,
                      },
                      Object {
                        "alias": undefined,
                        "arguments": Array [],
                        "directives": Array [],
                        "kind": "Field",
                        "name": Object {
                          "kind": "Name",
                          "value": "name",
                        },
                        "selectionSet": undefined,
                      },
                      Object {
                        "alias": undefined,
                        "arguments": Array [],
                        "directives": Array [],
                        "kind": "Field",
                        "name": Object {
                          "kind": "Name",
                          "value": "url",
                        },
                        "selectionSet": undefined,
                      },
                      Object {
                        "alias": undefined,
                        "arguments": Array [],
                        "directives": Array [],
                        "kind": "Field",
                        "name": Object {
                          "kind": "Name",
                          "value": "configurations",
                        },
                        "selectionSet": Object {
                          "kind": "SelectionSet",
                          "selections": Array [
                            Object {
                              "alias": undefined,
                              "arguments": Array [],
                              "directives": Array [],
                              "kind": "Field",
                              "name": Object {
                                "kind": "Name",
                                "value": "id",
                              },
                              "selectionSet": undefined,
                            },
                            Object {
                              "alias": undefined,
                              "arguments": Array [],
                              "directives": Array [],
                              "kind": "Field",
                              "name": Object {
                                "kind": "Name",
                                "value": "name",
                              },
                              "selectionSet": undefined,
                            },
                          ],
                        },
                      },
                      Object {
                        "alias": undefined,
                        "arguments": Array [],
                        "directives": Array [],
                        "kind": "Field",
                        "name": Object {
                          "kind": "Name",
                          "value": "configurationType",
                        },
                        "selectionSet": Object {
                          "kind": "SelectionSet",
                          "selections": Array [
                            Object {
                              "alias": undefined,
                              "arguments": Array [],
                              "directives": Array [],
                              "kind": "Field",
                              "name": Object {
                                "kind": "Name",
                                "value": "id",
                              },
                              "selectionSet": undefined,
                            },
                            Object {
                              "alias": undefined,
                              "arguments": Array [],
                              "directives": Array [],
                              "kind": "Field",
                              "name": Object {
                                "kind": "Name",
                                "value": "name",
                              },
                              "selectionSet": undefined,
                            },
                          ],
                        },
                      },
                    ],
                  },
                },
              ],
            },
            "variableDefinitions": Array [
              Object {
                "defaultValue": undefined,
                "directives": Array [],
                "kind": "VariableDefinition",
                "type": Object {
                  "kind": "NamedType",
                  "name": Object {
                    "kind": "Name",
                    "value": "uuid",
                  },
                },
                "variable": Object {
                  "kind": "Variable",
                  "name": Object {
                    "kind": "Name",
                    "value": "projectId",
                  },
                },
              },
            ],
          },
        ],
        "kind": "Document",
        "loc": Object {
          "end": 259,
          "start": 0,
        },
      }
    }
    variables={
      Object {
        "projectId": undefined,
      }
    }
  >
    <Component />
  </Query>
</div>
`;
