// Jest Snapshot v1, https://goo.gl/fbAQLP

exports[`component: RepositoryForm rendering should render as expected 1`] = `
<div>
  <KeyRepositoryModal
    handleClose={[Function]}
    open={false}
  />
  <WithStyles(Drawer)
    anchor="right"
    classes={
      Object {
        "paper": "drawer",
      }
    }
    open={false}
  >
    <Mutation
      mutation={
        Object {
          "definitions": Array [
            Object {
              "directives": Array [],
              "kind": "OperationDefinition",
              "name": undefined,
              "operation": "mutation",
              "selectionSet": Object {
                "kind": "SelectionSet",
                "selections": Array [
                  Object {
                    "alias": Object {
                      "kind": "Name",
                      "value": "repository",
                    },
                    "arguments": Array [
                      Object {
                        "kind": "Argument",
                        "name": Object {
                          "kind": "Name",
                          "value": "_set",
                        },
                        "value": Object {
                          "fields": Array [
                            Object {
                              "kind": "ObjectField",
                              "name": Object {
                                "kind": "Name",
                                "value": "name",
                              },
                              "value": Object {
                                "kind": "Variable",
                                "name": Object {
                                  "kind": "Name",
                                  "value": "name",
                                },
                              },
                            },
                            Object {
                              "kind": "ObjectField",
                              "name": Object {
                                "kind": "Name",
                                "value": "url",
                              },
                              "value": Object {
                                "kind": "Variable",
                                "name": Object {
                                  "kind": "Name",
                                  "value": "url",
                                },
                              },
                            },
                          ],
                          "kind": "ObjectValue",
                        },
                      },
                      Object {
                        "kind": "Argument",
                        "name": Object {
                          "kind": "Name",
                          "value": "where",
                        },
                        "value": Object {
                          "fields": Array [
                            Object {
                              "kind": "ObjectField",
                              "name": Object {
                                "kind": "Name",
                                "value": "id",
                              },
                              "value": Object {
                                "fields": Array [
                                  Object {
                                    "kind": "ObjectField",
                                    "name": Object {
                                      "kind": "Name",
                                      "value": "_eq",
                                    },
                                    "value": Object {
                                      "kind": "Variable",
                                      "name": Object {
                                        "kind": "Name",
                                        "value": "id",
                                      },
                                    },
                                  },
                                ],
                                "kind": "ObjectValue",
                              },
                            },
                          ],
                          "kind": "ObjectValue",
                        },
                      },
                    ],
                    "directives": Array [],
                    "kind": "Field",
                    "name": Object {
                      "kind": "Name",
                      "value": "update_repository",
                    },
                    "selectionSet": Object {
                      "kind": "SelectionSet",
                      "selections": Array [
                        Object {
                          "alias": undefined,
                          "arguments": Array [],
                          "directives": Array [],
                          "kind": "Field",
                          "name": Object {
                            "kind": "Name",
                            "value": "returning",
                          },
                          "selectionSet": Object {
                            "kind": "SelectionSet",
                            "selections": Array [
                              Object {
                                "alias": undefined,
                                "arguments": Array [],
                                "directives": Array [],
                                "kind": "Field",
                                "name": Object {
                                  "kind": "Name",
                                  "value": "id",
                                },
                                "selectionSet": undefined,
                              },
                              Object {
                                "alias": undefined,
                                "arguments": Array [],
                                "directives": Array [],
                                "kind": "Field",
                                "name": Object {
                                  "kind": "Name",
                                  "value": "name",
                                },
                                "selectionSet": undefined,
                              },
                              Object {
                                "alias": undefined,
                                "arguments": Array [],
                                "directives": Array [],
                                "kind": "Field",
                                "name": Object {
                                  "kind": "Name",
                                  "value": "url",
                                },
                                "selectionSet": undefined,
                              },
                            ],
                          },
                        },
                      ],
                    },
                  },
                ],
              },
              "variableDefinitions": Array [
                Object {
                  "defaultValue": undefined,
                  "directives": Array [],
                  "kind": "VariableDefinition",
                  "type": Object {
                    "kind": "NonNullType",
                    "type": Object {
                      "kind": "NamedType",
                      "name": Object {
                        "kind": "Name",
                        "value": "String",
                      },
                    },
                  },
                  "variable": Object {
                    "kind": "Variable",
                    "name": Object {
                      "kind": "Name",
                      "value": "name",
                    },
                  },
                },
                Object {
                  "defaultValue": undefined,
                  "directives": Array [],
                  "kind": "VariableDefinition",
                  "type": Object {
                    "kind": "NamedType",
                    "name": Object {
                      "kind": "Name",
                      "value": "String",
                    },
                  },
                  "variable": Object {
                    "kind": "Variable",
                    "name": Object {
                      "kind": "Name",
                      "value": "url",
                    },
                  },
                },
                Object {
                  "defaultValue": undefined,
                  "directives": Array [],
                  "kind": "VariableDefinition",
                  "type": Object {
                    "kind": "NonNullType",
                    "type": Object {
                      "kind": "NamedType",
                      "name": Object {
                        "kind": "Name",
                        "value": "uuid",
                      },
                    },
                  },
                  "variable": Object {
                    "kind": "Variable",
                    "name": Object {
                      "kind": "Name",
                      "value": "id",
                    },
                  },
                },
              ],
            },
          ],
          "kind": "Document",
          "loc": Object {
            "end": 220,
            "start": 0,
          },
        }
      }
      refetchQueries={
        Array [
          Object {
            "query": Object {
              "definitions": Array [
                Object {
                  "directives": Array [],
                  "kind": "OperationDefinition",
                  "name": undefined,
                  "operation": "query",
                  "selectionSet": Object {
                    "kind": "SelectionSet",
                    "selections": Array [
                      Object {
                        "alias": undefined,
                        "arguments": Array [],
                        "directives": Array [],
                        "kind": "Field",
                        "name": Object {
                          "kind": "Name",
                          "value": "repository",
                        },
                        "selectionSet": Object {
                          "kind": "SelectionSet",
                          "selections": Array [
                            Object {
                              "alias": undefined,
                              "arguments": Array [],
                              "directives": Array [],
                              "kind": "Field",
                              "name": Object {
                                "kind": "Name",
                                "value": "id",
                              },
                              "selectionSet": undefined,
                            },
                            Object {
                              "alias": undefined,
                              "arguments": Array [],
                              "directives": Array [],
                              "kind": "Field",
                              "name": Object {
                                "kind": "Name",
                                "value": "name",
                              },
                              "selectionSet": undefined,
                            },
                            Object {
                              "alias": undefined,
                              "arguments": Array [],
                              "directives": Array [],
                              "kind": "Field",
                              "name": Object {
                                "kind": "Name",
                                "value": "username",
                              },
                              "selectionSet": undefined,
                            },
                            Object {
                              "alias": undefined,
                              "arguments": Array [],
                              "directives": Array [],
                              "kind": "Field",
                              "name": Object {
                                "kind": "Name",
                                "value": "url",
                              },
                              "selectionSet": undefined,
                            },
                            Object {
                              "alias": undefined,
                              "arguments": Array [],
                              "directives": Array [],
                              "kind": "Field",
                              "name": Object {
                                "kind": "Name",
                                "value": "configurations",
                              },
                              "selectionSet": Object {
                                "kind": "SelectionSet",
                                "selections": Array [
                                  Object {
                                    "alias": undefined,
                                    "arguments": Array [],
                                    "directives": Array [],
                                    "kind": "Field",
                                    "name": Object {
                                      "kind": "Name",
                                      "value": "id",
                                    },
                                    "selectionSet": undefined,
                                  },
                                  Object {
                                    "alias": undefined,
                                    "arguments": Array [],
                                    "directives": Array [],
                                    "kind": "Field",
                                    "name": Object {
                                      "kind": "Name",
                                      "value": "name",
                                    },
                                    "selectionSet": undefined,
                                  },
                                  Object {
                                    "alias": undefined,
                                    "arguments": Array [],
                                    "directives": Array [],
                                    "kind": "Field",
                                    "name": Object {
                                      "kind": "Name",
                                      "value": "configurationType",
                                    },
                                    "selectionSet": Object {
                                      "kind": "SelectionSet",
                                      "selections": Array [
                                        Object {
                                          "alias": undefined,
                                          "arguments": Array [],
                                          "directives": Array [],
                                          "kind": "Field",
                                          "name": Object {
                                            "kind": "Name",
                                            "value": "name",
                                          },
                                          "selectionSet": undefined,
                                        },
                                      ],
                                    },
                                  },
                                ],
                              },
                            },
                          ],
                        },
                      },
                    ],
                  },
                  "variableDefinitions": Array [],
                },
              ],
              "kind": "Document",
              "loc": Object {
                "end": 155,
                "start": 0,
              },
            },
          },
        ]
      }
    >
      <Component />
    </Mutation>
  </WithStyles(Drawer)>
</div>
`;
